CRITICAL - 2026-06-01 17:26:26 --> TypeError: App\Controllers\Admin\AuthController::loginPage(): Return value must be of type string, CodeIgniter\HTTP\RedirectResponse returned
[Method: GET, Route: admin/login]
in APPPATH/Controllers/Admin/AuthController.php on line 13.
 1 SYSTEMPATH/CodeIgniter.php(951): App\Controllers\Admin\AuthController->loginPage()
 2 SYSTEMPATH/CodeIgniter.php(497): CodeIgniter\CodeIgniter->runController()
 3 SYSTEMPATH/CodeIgniter.php(340): CodeIgniter\CodeIgniter->handleRequest()
 4 SYSTEMPATH/Boot.php(417): CodeIgniter\CodeIgniter->run()
 5 SYSTEMPATH/Boot.php(68): CodeIgniter\Boot::runCodeIgniter()
 6 FCPATH/index.php(59): CodeIgniter\Boot::bootWeb()
CRITICAL - 2026-06-01 17:26:32 --> TypeError: App\Controllers\Admin\AuthController::loginPage(): Return value must be of type string, CodeIgniter\HTTP\RedirectResponse returned
[Method: GET, Route: admin/login]
in APPPATH/Controllers/Admin/AuthController.php on line 13.
 1 SYSTEMPATH/CodeIgniter.php(951): App\Controllers\Admin\AuthController->loginPage()
 2 SYSTEMPATH/CodeIgniter.php(497): CodeIgniter\CodeIgniter->runController()
 3 SYSTEMPATH/CodeIgniter.php(340): CodeIgniter\CodeIgniter->handleRequest()
 4 SYSTEMPATH/Boot.php(417): CodeIgniter\CodeIgniter->run()
 5 SYSTEMPATH/Boot.php(68): CodeIgniter\Boot::runCodeIgniter()
 6 FCPATH/index.php(59): CodeIgniter\Boot::bootWeb()
CRITICAL - 2026-06-01 17:26:36 --> TypeError: App\Controllers\Admin\AuthController::loginPage(): Return value must be of type string, CodeIgniter\HTTP\RedirectResponse returned
[Method: GET, Route: admin/login]
in APPPATH/Controllers/Admin/AuthController.php on line 13.
 1 SYSTEMPATH/CodeIgniter.php(951): App\Controllers\Admin\AuthController->loginPage()
 2 SYSTEMPATH/CodeIgniter.php(497): CodeIgniter\CodeIgniter->runController()
 3 SYSTEMPATH/CodeIgniter.php(340): CodeIgniter\CodeIgniter->handleRequest()
 4 SYSTEMPATH/Boot.php(417): CodeIgniter\CodeIgniter->run()
 5 SYSTEMPATH/Boot.php(68): CodeIgniter\Boot::runCodeIgniter()
 6 FCPATH/index.php(59): CodeIgniter\Boot::bootWeb()
